Sep 28, 2026 12:46:54 AM org.jline.utils.Log logr
WARNING: Unable to create a system terminal, creating a dumb terminal (enable debug logging for more information)
[09-28-2026 00:46:54] [I] 1 mods loaded.
[09-28-2026 00:46:54] [I] Server loaded. Type 'help' for help.
[09-28-2026 00:46:54] [I] PASS: repository-author-sayed1145
[09-28-2026 00:46:54] [I] PASS: packaged-project-contribution-credits
[09-28-2026 00:46:54] [I] PASS: official-engine-v160.5
[09-28-2026 00:46:54] [I] PASS: installed-jar-content-loader
[09-28-2026 00:46:54] [I] PASS: one-unit-summoner-counterweapon-and-command-totem
[09-28-2026 00:46:54] [I] PASS: complete-theme-runtime-asset-packaged
[09-28-2026 00:46:54] [I] PASS: blueprint-out-of-range-rejected
[09-28-2026 00:46:54] [I] PASS: blueprint-version-rejected
[09-28-2026 00:46:54] [I] PASS: procedural-topology-not-fixed-stages
[09-28-2026 00:46:54] [I] PASS: new-tentacles-bud-with-matter
[09-28-2026 00:46:54] [I] PASS: finite-3d-projection-all-tested-poses
[09-28-2026 00:46:54] [I] PASS: geometry-lod-budget-bounded
[09-28-2026 00:46:54] [I] PASS: continuous-volume-growth-not-stage-scale
[09-28-2026 00:46:54] [I] PASS: all-initial-head-bones-visible
[09-28-2026 00:46:54] [I] PASS: all-initial-heads-unmutated
[09-28-2026 00:46:54] [I] PASS: middle-central-storm-two-normal-heads
[09-28-2026 00:46:54] [I] PASS: late-three-distinct-storm-heads
[09-28-2026 00:46:54] [I] PASS: continuous-monotonic-normal-to-imported-head-transition
[09-28-2026 00:46:54] [I] PASS: storm-renderer-face-sort-enabled
[09-28-2026 00:46:54] [I] PASS: deterministic-procedural-topology
[09-28-2026 00:46:54] [I] PASS: independent-idle-head-motion-90
[09-28-2026 00:46:54] [I] PASS: all-stages-can-track-left-and-right-90
[09-28-2026 00:46:54] [I] PASS: animated-heads-match-server-capture-points-90
[09-28-2026 00:46:54] [I] PASS: depth-buffer-enabled-90
[09-28-2026 00:46:54] [I] PASS: independent-idle-head-motion-2600
[09-28-2026 00:46:54] [I] PASS: all-stages-can-track-left-and-right-2600
[09-28-2026 00:46:54] [I] PASS: animated-heads-match-server-capture-points-2600
[09-28-2026 00:46:54] [I] PASS: depth-buffer-enabled-2600
[09-28-2026 00:46:54] [I] PASS: jaw-hinge-pivot-does-not-drift
[09-28-2026 00:46:54] [I] PASS: animation-envelopes-return-to-rest
[09-28-2026 00:46:54] [I] PASS: no-food-no-automatic-mass
[09-28-2026 00:46:54] [I] PASS: initial-three-normal-heads
[09-28-2026 00:46:54] [I] PASS: initial-units-not-absorbed
[09-28-2026 00:46:54] [I] PASS: no-withering-slowdown
[09-28-2026 00:46:54] [I] PASS: three-heads-retained-during-mutation
[09-28-2026 00:46:54] [I] PASS: enemy-really-pulled
[09-28-2026 00:46:54] [I] PASS: friendly-unit-and-building-safe
[09-28-2026 00:46:54] [I] PASS: enemy-unit-actually-removed
[09-28-2026 00:46:54] [I] PASS: enemy-building-actually-removed
[09-28-2026 00:46:54] [I] PASS: ingested-matter-recorded
[09-28-2026 00:46:54] [I] PASS: friendlies-still-alive-after-ingestion
[09-28-2026 00:46:54] [I] PASS: no-double-credit
[09-28-2026 00:46:54] [I] PASS: manual-ingestion-valid
[09-28-2026 00:46:54] [I] PASS: absorption-regenerates-shell
[09-28-2026 00:46:54] [I] PASS: cannot-ingest-friendly
[09-28-2026 00:46:54] [I] PASS: save-reload-custom-unit-type
[09-28-2026 00:46:54] [I] PASS: save-reload-growth-genome-and-counters
[09-28-2026 00:46:54] [I] PASS: network-sync-custom-growth-state
[09-28-2026 00:46:54] [I] PASS: protected-core-does-not-lose-integrity
[09-28-2026 00:46:54] [I] PASS: exposed-core-takes-permanent-damage
[09-28-2026 00:46:54] [I] PASS: three-heads-and-no-skulls
[09-28-2026 00:46:54] [I] PASS: head-count-hard-cap
[09-28-2026 00:46:54] [I] PASS: first-counter-shot-opens-shell
[09-28-2026 00:46:54] [I] PASS: second-counter-shot-damages-internal-core
[09-28-2026 00:46:54] [I] PASS: breach-reseals
[09-28-2026 00:46:54] [I] PASS: damaged-shell-reassembly-starts
[09-28-2026 00:46:54] [I] PASS: one-generation-fission-creates-two-children
[09-28-2026 00:46:54] [I] PASS: fission-family-survives-save-reload
[09-28-2026 00:46:54] [I] PASS: loaded-children-keep-parent-link
[09-28-2026 00:46:54] [I] PASS: fission-does-not-recurse-forever
[09-28-2026 00:46:54] [I] PASS: core-destruction-kills-main-and-children
[09-28-2026 00:46:54] [I] PASS: summoner-does-not-run-without-power-or-items
[09-28-2026 00:46:54] [I] PASS: summoner-items-alone-not-enough
[09-28-2026 00:46:54] [I] PASS: summoner-real-power-charge
[09-28-2026 00:46:54] [I] PASS: power-loss-pauses-ritual
[09-28-2026 00:46:54] [I] PASS: ritual-save-reload
[09-28-2026 00:46:54] [I] PASS: paid-summon-spawns-once
[09-28-2026 00:46:54] [I] PASS: summon-consumes-exact-recipe
[09-28-2026 00:46:54] [I] PASS: all-three-initial-normal-heads-fire
[09-28-2026 00:46:54] [I] PASS: mature-no-new-skull-projectiles
[09-28-2026 00:46:54] [I] PASS: late-speed-decreases-range-increases
[09-28-2026 00:46:54] [I] PASS: global-pursuit-beyond-old-1100-radius
[09-28-2026 00:46:54] [I] PASS: breach-timer-network-sync
[09-28-2026 00:46:54] [I] PASS: unchanged-model-reuses-mesh
[09-28-2026 00:46:54] [I] PASS: terrain-floor-preserved
[09-28-2026 00:46:54] [I] PASS: downloaded-head-46-original-cubes
[09-28-2026 00:46:54] [I] PASS: 500-independent-cubes-in-one-bounded-batch
[09-28-2026 00:46:54] [I] PASS: tractor-pull-slow-bounded-step
[09-28-2026 00:46:54] [I] PASS: tractor-no-damage-before-head
[09-28-2026 00:46:54] [I] PASS: arrival-annihilates-with-zero-lock-time
[09-28-2026 00:46:54] [I] PASS: annihilation-ignores-enormous-shield
[09-28-2026 00:46:54] [I] PASS: extreme-victim-health-keeps-growth-finite
[09-28-2026 00:46:54] [I] PASS: building-detaches-without-beam
[09-28-2026 00:46:54] [I] PASS: building-credit-deferred-until-animation-arrival
[09-28-2026 00:46:55] [I] PASS: building-flight-survives-world-save-load
[09-28-2026 00:46:55] [I] PASS: building-not-credited-early
[09-28-2026 00:46:55] [I] PASS: building-arrival-credited-once
[09-28-2026 00:46:55] [I] PASS: building-flight-cannot-double-credit
[09-28-2026 00:46:55] [I] APPROACH probe x=356.34753 y=600.0 min=1003.65247 eaten=2 targetValid=false added=true dead=false
[09-28-2026 00:46:55] [I] PASS: AI-approaches-building-instead-of-stopping-at-beam-range
[09-28-2026 00:46:55] [I] PASS: AI-absorbs-building-with-no-beam-capable-stage
[09-28-2026 00:46:55] [I] PASS: building-radius-exactly-fifteen-times-original-start
[09-28-2026 00:46:55] [I] PASS: beam-radius-exactly-fifteen-times-original-start
[09-28-2026 00:46:55] [I] PASS: beamless-creature-radius-is-half-boosted-buildings
[09-28-2026 00:46:55] [I] PASS: ranges-grow-slowly-with-absorbed-strength
[09-28-2026 00:46:55] [I] PASS: passive-creature-radius-grows-more-slowly
[09-28-2026 00:46:55] [I] PASS: initial-three-normal-heads-have-distinct-locks
[09-28-2026 00:46:55] [I] PASS: share-only-when-no-other-targets-exist
[09-28-2026 00:46:55] [I] PASS: all-three-beams-enable-in-the-same-update
[09-28-2026 00:46:55] [I] PASS: shared-target-pull-is-not-tripled
[09-28-2026 00:46:55] [I] PASS: shared-locks-split-when-extra-targets-appear
[09-28-2026 00:46:55] [I] PASS: mature-heads-retain-three-distinct-locks
[09-28-2026 00:46:55] [I] PASS: inside-beam-range-moves-at-half-speed
[09-28-2026 00:46:55] [I] PASS: inside-passive-range-still-approaches
[09-28-2026 00:46:55] [I] PASS: outside-prescribed-range-resumes-pursuit
[09-28-2026 00:46:55] [I] PASS: unit-priority-wins-over-nearer-building
[09-28-2026 00:46:55] [I] PASS: building-capture-does-not-stop-movement
[09-28-2026 00:46:55] [I] PASS: threshold-test-starts-with-an-assigned-soon-swallowed-target
[09-28-2026 00:46:55] [I] PASS: natural-threshold-ingestion-refills-all-three-beams-same-tick
[09-28-2026 00:46:55] [I] PASS: ordinary-stage-captures-creature-with-no-purple-beam
[09-28-2026 00:46:55] [I] PASS: passive-creature-hold-survives-world-save-load
[09-28-2026 00:46:55] [I] PASS: beamless-creature-reaches-head-and-is-removed
[09-28-2026 00:46:55] [I] PASS: actual-ingestion-strength-expands-range
[09-28-2026 00:46:55] [I] PASS: strength-and-expanded-ranges-network-sync
[09-28-2026 00:46:55] [I] PASS: orbit-cap-is-500-real-cubes
[09-28-2026 00:46:55] [I] PASS: both-charcoal-and-purple-veined-cubes-present
[09-28-2026 00:46:55] [I] PASS: orbit-batch-really-moves-and-rotates
[09-28-2026 00:46:55] [I] PASS: low-detail-retains-bounded-orbit-budget
[09-28-2026 00:46:55] [I] PASS: full-unit-budget-does-not-burn-fission
[09-28-2026 00:46:55] [I] PASS: reserved-capacity-retries-two-child-fission
[09-28-2026 00:46:55] [I] PASS: fission-conserves-matter-and-initializes-children
[09-28-2026 00:46:55] [I] PASS: fission-remains-one-generation-only
[09-28-2026 00:46:55] [I] PASS: core-death-still-removes-both-split-children
[09-28-2026 00:46:55] [I] PASS: native-player-controllable-allied-storm
[09-28-2026 00:46:55] [I] PASS: enemy-possession-rejected-by-native-api
[09-28-2026 00:46:55] [I] PASS: native-allied-possession-before-switch
[09-28-2026 00:46:55] [I] PASS: totem-starts-off-and-no-auto-command
[09-28-2026 00:46:55] [I] PASS: switch-on-preserves-current-player
[09-28-2026 00:46:55] [I] PASS: allied-switches-agree-enemy-switch-independent
[09-28-2026 00:46:55] [I] PASS: absorption-logic-never-overwrites-player-motion
[09-28-2026 00:46:55] [I] PASS: switch-off-cannot-steal-player
[09-28-2026 00:46:55] [I] PASS: native-detach-restores-autonomous-controller
[09-28-2026 00:46:55] [I] PASS: detached-off-state-pursues-again
[09-28-2026 00:46:55] [I] PASS: on-state-default-is-motionless-commandable
[09-28-2026 00:46:55] [I] PASS: native-RTS-position-command-actually-moves
[09-28-2026 00:46:55] [I] PASS: native-RTS-attack-command-retained
[09-28-2026 00:46:55] [I] PASS: repeated-toggles-still-preserve-possession
[09-28-2026 00:46:55] [I] PASS: detach-in-command-mode-clears-residual-velocity-immediately
[09-28-2026 00:46:55] [I] PASS: detach-while-on-returns-to-idle-not-autohunt
[09-28-2026 00:46:55] [I] RELOAD s=Unit#370:wither-storm-wither-storm (400.0, 400.0) mode=true controller=wstorm.world.StormAI@792406e5 switches=2
[09-28-2026 00:46:55] [I] PASS: totem-state-and-commandability-survive-world-save
[09-28-2026 00:46:55] [I] PASS: last-totem-removal-restores-autonomous-mode
[09-28-2026 00:46:55] [I] PASS: global-unit-priority-over-close-building
[09-28-2026 00:46:55] [I] PASS: in-range-motion-exactly-half-normal-chase
[09-28-2026 00:46:55] [I] PASS: escaped-unit-chase-is-two-times-in-range-speed
[09-28-2026 00:46:55] [I] PASS: no-units-falls-back-to-buildings
[09-28-2026 00:46:55] [I] PASS: empty-world-does-not-wander
[09-28-2026 00:46:55] [I] PASS: unit-only-world-still-pursues
[09-28-2026 00:46:55] [I] PASS: passive-escape-releases-immediately-without-snapback
[09-28-2026 00:46:55] [I] PASS: actual-passive-escape-restores-normal-chase-speed
[09-28-2026 00:46:55] [I] PASS: beam-escape-clears-locks-and-restores-ground-state
[09-28-2026 00:46:55] [I] PASS: initial-stage-five-building-flights-not-one
[09-28-2026 00:46:55] [I] PASS: initial-move-fire-unit-pull-and-five-blocks-concurrent
[09-28-2026 00:46:55] [I] PASS: flight-cap-prevents-sixth-initial-detach
[09-28-2026 00:46:55] [I] PASS: multi-flight-no-premature-matter-credit
[09-28-2026 00:46:55] [I] PASS: all-five-flight-slots-network-sync
[09-28-2026 00:46:55] [I] PASS: all-five-flights-survive-world-save-load
[09-28-2026 00:46:55] [I] PASS: five-flights-still-uncredited-before-arrival
[09-28-2026 00:46:55] [I] PASS: five-buildings-credit-on-same-arrival-tick
[09-28-2026 00:46:55] [I] PASS: multi-flight-no-double-credit
[09-28-2026 00:46:55] [I] PASS: growth-increases-parallel-building-capacity
[09-28-2026 00:46:55] [I] PASS: multi-building-workload-bounded-at-32
[09-28-2026 00:46:55] [I] PASS: ground-victim-crosses-solid-wall-while-lifted
[09-28-2026 00:46:55] [I] PASS: ground-wall-crossing-remains-slow-not-teleporting
[09-28-2026 00:46:55] [I] PASS: ground-victim-credited-only-at-head
[09-28-2026 00:46:55] [I] PASS: carried-leg-reloads-with-native-save-id-and-flight-state
[09-28-2026 00:46:55] [I] PASS: legged-victim-crosses-solid-wall-while-lifted
[09-28-2026 00:46:55] [I] PASS: legged-wall-crossing-remains-slow-not-teleporting
[09-28-2026 00:46:55] [I] PASS: legged-victim-credited-only-at-head
[09-28-2026 00:46:55] [I] PASS: native-leg-save-id-and-layout-unchanged
[09-28-2026 00:46:55] [I] PASS: captured-ground-unit-has-flight-lease
[09-28-2026 00:46:55] [I] PASS: owner-removal-restores-safe-ground-movement
[09-28-2026 00:46:56] [I] PASS: tentacle-windup-contact-causes-no-damage
[09-28-2026 00:46:56] [I] PASS: animated-tentacle-impact-damages-ground-and-air-together
[09-28-2026 00:46:56] [I] PASS: tentacles-do-not-hit-friendlies-or-distant-units
[09-28-2026 00:46:56] [I] PASS: tentacle-hit-cooldown-prevents-every-frame-damage
[09-28-2026 00:46:56] [I] PASS: tentacle-hit-geometry-matches-visible-procedural-mesh
[09-28-2026 00:46:56] [I] PASS: body-and-orbit-atlas-uses-exact-uploaded-texels
[09-28-2026 00:46:56] [I] PASS: second-row-last-two-input-tiles-excluded
[09-28-2026 00:46:56] [I] PASS: real-v15-world-upgrades-storm-check.msav
[09-28-2026 00:46:56] [I] PASS: real-v15-world-upgrades-v15-passive.msav
[09-28-2026 00:46:56] [I] PASS: legacy-passive-victim-retains-live-entity-link
[09-28-2026 00:46:56] [I] PASS: real-v15-world-upgrades-inflight-building.msav
[09-28-2026 00:46:56] [I] PASS: legacy-single-flight-migrates-without-phantom-extra-blocks
[09-28-2026 00:46:56] [I] PASS: legacy-inflight-building-completes-once
[09-28-2026 00:46:56] [I] PASS: real-v16-world-migrates-five-flight-slots-and-counters
[09-28-2026 00:46:56] [I] PASS: v16-post-hit-event-does-not-become-phantom-v17-windup
[09-28-2026 00:46:56] [I] PASS: laser-aperture-child-transform-matches-authority-126-poses
[09-28-2026 00:46:56] [I] PASS: neck-bones-and-neck-mesh-removed
[09-28-2026 00:46:56] [I] PASS: mature-heads-embedded-at-body-front-not-extended-necks
[09-28-2026 00:46:56] [I] PASS: rear-target-not-attracted-or-lifted-before-body-turn
[09-28-2026 00:46:56] [I] PASS: body-turn-rate-and-independent-head-gimbals-bounded
[09-28-2026 00:46:56] [I] PASS: rear-laser-and-attraction-gated-until-body-facing
[09-28-2026 00:46:56] [I] PASS: commanded-east-translation-continues-while-facing-and-firing-west
[09-28-2026 00:46:56] [I] PASS: aligned-aperture-can-render-active-beam
[09-28-2026 00:46:56] [I] PASS: native-player-controls-body-intent-without-stealing-velocity
[09-28-2026 00:46:56] [I] PASS: nearby-target-starts-tentacle-windup-not-contact-damage
[09-28-2026 00:46:56] [I] PASS: tentacle-windup-has-no-damage
[09-28-2026 00:46:56] [I] PASS: tentacle-swing-before-impact-has-no-damage
[09-28-2026 00:46:56] [I] PASS: tentacle-impact-applies-real-damage
[09-28-2026 00:46:56] [I] PASS: tentacle-recovery-does-not-reapply-damage
[09-28-2026 00:46:56] [I] PASS: all-eight-animated-arms-share-render-and-hit-curve-at-seven-phases
[09-28-2026 00:46:56] [I] PASS: dodged-tentacle-strike-misses
[09-28-2026 00:46:56] [I] PASS: v6-sync-preserves-body-head-and-pre-impact-strike-state
[09-28-2026 00:46:56] [I] PASS: v6-world-save-preserves-in-progress-attack-without-early-impact
[09-28-2026 00:46:56] [I] PASS: hud-allied-sums-all-storms-not-first-entity
[09-28-2026 00:46:56] [I] PASS: hud-enemy-summary-is-separate
[09-28-2026 00:46:56] [I] PASS: hud-reclassifies-after-player-team-change
[09-28-2026 00:46:56] [I] PASS: hud-removes-dead-or-removed-storms-and-handles-zero-total
[09-28-2026 00:46:56] [I] PASS: actual-purple-mesh-to-emitted-beam-centroid-and-ground-endpoint-1080-poses
[09-28-2026 00:46:56] [I] PASS: projected-beam-origin-under-point-two-world-units-from-purple-surface
[09-28-2026 00:46:56] [I] PASS: default-hud-rectangle-packing-with-native-panels-640x480
[09-28-2026 00:46:56] [I] PASS: default-hud-rectangle-packing-with-native-panels-800x600
[09-28-2026 00:46:56] [I] PASS: default-hud-rectangle-packing-with-native-panels-1120x700
[09-28-2026 00:46:56] [I] PASS: default-hud-rectangle-packing-with-native-panels-1280x720
[09-28-2026 00:46:56] [I] PASS: default-hud-rectangle-packing-with-native-panels-1920x1080
[09-28-2026 00:46:56] [I] PASS: no-space-reports-unavailable-instead-of-overlaying-native-controls
[09-28-2026 00:46:56] [I] PASS: active-organism-budget
[09-28-2026 00:46:56] [I] PASS: world-reset-cleans-units
[09-28-2026 00:46:56] [I] WITHER_STORM_HEADLESS_ALL_PASS: 217
